\BOOKMARK [1][]{section.2}{\376\377\0001\000\040\140\073\117\123\142\200\147\057\215\357\176\277}{}% 2
\BOOKMARK [2][]{subsection.4}{\376\377\0001\000.\0001\000\040\145\160\143\156\147\141\116\366\166\204\124\010\164\006\120\107\213\276}{section.2}% 3
\BOOKMARK [2][]{subsection.6}{\376\377\0001\000.\0002\000\040\123\073\133\146\147\072\122\066\116\016\173\227\154\325\213\276\213\241\146\040\134\004}{section.2}% 4
\BOOKMARK [2][]{subsection.8}{\376\377\0001\000.\0003\000\040\150\070\137\303\142\200\147\057\120\107\213\276\116\016\122\033\145\260\217\271\165\114}{section.2}% 5
\BOOKMARK [1][]{section.10}{\376\377\0002\000\040\116\373\122\241\226\276\160\271\116\016\213\276\213\241\123\237\122\031}{}% 6
\BOOKMARK [1][]{section.11}{\376\377\0003\000\040\145\160\143\156\230\204\131\004\164\006\116\016\150\067\147\054\147\204\136\372}{}% 7
\BOOKMARK [2][]{subsection.12}{\376\377\0003\000.\0001\000\040\145\160\143\156\133\241\213\241\116\016\154\304\157\017\143\222\147\345}{section.11}% 8
\BOOKMARK [2][]{subsection.13}{\376\377\0003\000.\0002\000\040\221\315\221\307\150\067\116\016\156\344\154\342}{section.11}% 9
\BOOKMARK [2][]{subsection.14}{\376\377\0003\000.\0003\000\040\127\117\220\123\150\300\155\113\116\016\117\052\217\371\131\004\164\006}{section.11}% 10
\BOOKMARK [2][]{subsection.15}{\376\377\0003\000.\0004\000\040\123\302\200\003\221\315\147\204}{section.11}% 11
\BOOKMARK [2][]{subsection.16}{\376\377\0003\000.\0005\000\040\136\105\120\074\150\007\121\306\123\026}{section.11}% 12
\BOOKMARK [2][]{subsection.17}{\376\377\0003\000.\0006\000\040\156\321\172\227\122\007\162\107\116\016\150\007\173\176\133\371\237\120}{section.11}% 13
\BOOKMARK [2][]{subsection.18}{\376\377\0003\000.\0007\000\040\215\350\123\327\213\325\200\005\145\160\143\156\130\236\137\072}{section.11}% 14
\BOOKMARK [2][]{subsection.19}{\376\377\0003\000.\0008\000\040\165\065\147\201\127\120\150\007\116\016\211\343\122\126\146\040\134\004\377\010\147\141\116\366\152\041\127\127\377\011}{section.11}% 15
\BOOKMARK [1][]{section.20}{\376\377\0004\000\040\123\321\117\134\162\266\140\001\213\306\122\053\152\041\127\213\213\276\213\241}{}% 16
\BOOKMARK [2][]{subsection.21}{\376\377\0004\000.\0001\000\040\217\223\121\145\137\040\221\317}{section.20}% 17
\BOOKMARK [2][]{subsection.22}{\376\377\0004\000.\0002\000\040\116\073\152\041\127\213\147\266\147\204\377\032\000Q\000S\000T\000-\000D\000P\000G\000N\000e\000t}{section.20}% 18
\BOOKMARK [3][]{subsubsection.23}{\376\377\0004\000.\0002\000.\0001\000\040\134\100\220\350\145\366\127\337\162\171\137\201\143\320\123\326}{subsection.22}% 19
\BOOKMARK [3][]{subsubsection.24}{\376\377\0004\000.\0002\000.\0002\000\040\145\366\230\221\162\171\137\201\130\236\137\072}{subsection.22}% 20
\BOOKMARK [3][]{subsubsection.25}{\376\377\0004\000.\0002\000.\0003\000\040\211\343\122\126\040\024\122\237\200\375\122\250\140\001\123\314\126\376}{subsection.22}% 21
\BOOKMARK [3][]{subsubsection.26}{\376\377\0004\000.\0002\000.\0004\000\040\225\177\172\013\145\366\136\217\117\235\215\126\136\372\152\041}{subsection.22}% 22
\BOOKMARK [3][]{subsubsection.27}{\376\377\0004\000.\0002\000.\0005\000\040\162\266\140\001\040\024\217\271\165\114\040\024\122\337\226\306\200\124\124\010\217\223\121\372\131\064}{subsection.22}% 23
\BOOKMARK [3][]{subsubsection.28}{\376\377\0004\000.\0002\000.\0006\000\040\143\137\131\061\121\375\145\160}{subsection.22}% 24
\BOOKMARK [3][]{subsubsection.29}{\376\377\0004\000.\0002\000.\0007\000\040\000T\000o\000p\000-\0001\0000\000\040\137\340\133\236\140\047\176\246\147\137}{subsection.22}% 25
\BOOKMARK [2][]{subsection.30}{\376\377\0004\000.\0003\000\040\213\255\176\303\173\126\165\145}{section.20}% 26
\BOOKMARK [2][]{subsection.31}{\376\377\0004\000.\0004\000\040\151\202\163\207\150\041\121\306}{section.20}% 27
\BOOKMARK [1][]{section.32}{\376\377\0005\000\040\123\321\117\134\215\167\131\313\160\271\133\232\117\115\145\271\154\325}{}% 28
\BOOKMARK [2][]{subsection.33}{\376\377\0005\000.\0001\000\040\162\266\140\001\116\016\217\271\165\114\151\202\163\207\221\315\136\372}{section.32}% 29
\BOOKMARK [2][]{subsection.34}{\376\377\0005\000.\0002\000\040\151\202\163\207\136\163\156\321\116\016\226\010\120\074\156\336\126\336}{section.32}% 30
\BOOKMARK [2][]{subsection.35}{\376\377\0005\000.\0003\000\040\200\124\124\010\217\271\165\114\122\044\133\232\116\016\123\330\123\026\160\271\150\041\153\143}{section.32}% 31
\BOOKMARK [2][]{subsection.36}{\376\377\0005\000.\0004\000\040\137\002\136\070\162\107\153\265\131\004\164\006\116\016\133\232\117\115\177\156\117\341\136\246}{section.32}% 32
\BOOKMARK [1][]{section.37}{\376\377\0006\000\040\121\163\225\056\220\032\220\123\213\306\122\053\116\016\120\031\220\011\215\167\131\313\177\121\176\334\117\060\213\241}{}% 33
\BOOKMARK [2][]{subsection.38}{\376\377\0006\000.\0001\000\040\000o\000n\000s\000e\000t\000\040\141\037\167\345\166\204\213\301\143\156\172\227\123\343}{section.37}% 34
\BOOKMARK [2][]{subsection.39}{\376\377\0006\000.\0002\000\040\137\353\220\037\220\032\220\123\213\304\122\006}{section.37}% 35
\BOOKMARK [2][]{subsection.40}{\376\377\0006\000.\0003\000\040\215\167\131\313\116\016\117\040\144\255\122\006\134\102}{section.37}% 36
\BOOKMARK [2][]{subsection.41}{\376\377\0006\000.\0004\000\040\171\273\176\277\137\122\126\340\232\214\213\301}{section.37}% 37
\BOOKMARK [2][]{subsection.42}{\376\377\0006\000.\0005\000\040\172\063\133\232\140\047\116\016\116\064\136\212\123\357\213\373\140\047}{section.37}% 38
\BOOKMARK [2][]{subsection.43}{\376\377\0006\000.\0006\000\040\172\172\225\364\176\246\147\137\116\016\201\021\123\072\176\247\200\132\124\010\377\010\147\141\116\366\152\041\127\127\377\011}{section.37}% 39
\BOOKMARK [2][]{subsection.45}{\376\377\0006\000.\0007\000\040\133\232\117\115\116\015\170\156\133\232\140\047\116\016\137\003\147\103\147\072\122\066}{section.37}% 40
\BOOKMARK [1][]{section.46}{\376\377\0007\000\040\143\250\164\006\116\016\220\350\177\162\145\271\150\110}{}% 41
\BOOKMARK [2][]{subsection.47}{\376\377\0007\000.\0001\000\040\133\214\145\164\143\250\164\006\155\101\154\064\176\277}{section.46}% 42
\BOOKMARK [2][]{subsection.57}{\376\377\0007\000.\0002\000\040\137\353\220\037\143\250\164\006\116\016\155\361\136\246\211\343\221\312\122\006\134\102}{section.46}% 43
\BOOKMARK [2][]{subsection.58}{\376\377\0007\000.\0003\000\040\000G\000P\000U\000\040\220\350\177\162}{section.46}% 44
\BOOKMARK [2][]{subsection.59}{\376\377\0007\000.\0004\000\040\000C\000P\000U\000\040\220\350\177\162}{section.46}% 45
\BOOKMARK [2][]{subsection.60}{\376\377\0007\000.\0005\000\040\145\366\136\366\116\016\121\205\133\130\143\247\122\066}{section.46}% 46
\BOOKMARK [2][]{subsection.61}{\376\377\0007\000.\0006\000\040\137\002\136\070\217\223\121\145\131\004\164\006}{section.46}% 47
\BOOKMARK [1][]{section.62}{\376\377\0008\000\040\152\041\127\213\217\173\221\317\123\026\116\016\173\227\122\233\117\030\123\026}{}% 48
\BOOKMARK [1][]{section.64}{\376\377\0009\000\040\213\255\176\303\232\214\213\301\116\016\155\210\207\215\133\236\232\214\213\276\213\241}{}% 49
\BOOKMARK [2][]{subsection.65}{\376\377\0009\000.\0001\000\040\133\236\232\214\134\102\176\247}{section.64}% 50
\BOOKMARK [2][]{subsection.67}{\376\377\0009\000.\0002\000\040\213\304\117\060\143\007\150\007}{section.64}% 51
\BOOKMARK [2][]{subsection.68}{\376\377\0009\000.\0003\000\040\155\210\207\215\133\236\232\214\167\351\226\065}{section.64}% 52
\BOOKMARK [1][]{section.70}{\376\377\0001\0000\000\040\230\204\147\037\117\030\122\277\116\016\230\316\226\151\143\247\122\066}{}% 53
\BOOKMARK [2][]{subsection.71}{\376\377\0001\0000\000.\0001\000\040\116\064\136\212\117\177\165\050\127\072\146\157\116\016\215\043\116\373\217\271\165\114}{section.70}% 54
\BOOKMARK [2][]{subsection.72}{\376\377\0001\0000\000.\0002\000\040\145\271\150\110\117\030\122\277}{section.70}% 55
\BOOKMARK [2][]{subsection.73}{\376\377\0001\0000\000.\0003\000\040\230\316\226\151\123\312\177\023\211\343\143\252\145\275}{section.70}% 56
\BOOKMARK [1][]{subsection.73}{\376\377\226\104\137\125\000\040\000A\377\032\122\035\131\313\135\345\172\013\123\302\145\160\136\372\213\256}{}% 57
\BOOKMARK [1][]{table.caption.74}{\376\377\226\104\137\125\000\040\000B\377\032\143\320\116\244\122\115\116\000\201\364\140\047\150\300\147\345}{}% 58
